ls
cd Desktop
cd Dem
cd Demo
cd Demo1
ls
get status
git status
clear
git pull origin master
git init
git add .
git status
git push origin master
git pull origin master
git add .
git commit -m "added scannerclass closed msg"
git pull origin master
git add .
git status
git commit -m "added"
git push -u origin master
nano LeapYear.java
nano LeapYear.java
git add .
git staus
git status
git push origin master
git add .
git status
git pull origin master
nano LeapYear.java
ls
nano LeapYear
nano LeapYear .java
nano LeapYear.java
clear
git init
git add  .
git status
git pull origin master
nano LeapYear.java
git add .
git commit -m "updated"
git push origin master
git push -u origin master
nano LeapYear.java
nano LeapYear.java
git branch
get checkout -b child1
git checkout -b feature
git branch
git add .
git init
git add .
git status
ls
nano LeapYear.java
nano LeapYear.txt
ls
nano LeapYear.java
git add .
ls
nano LeapYear.java
git checkout master
git init
git add .
git status
git commit -m "added"
git push -u origin master
git remote add origin https://github.com/Thalari-Yeshwanth/MyRepo.git
git push -u origin master
git checkout -b child
nano test.txt
git add .
git status
git commit -m "etided in child"
git push origin child
git checkout master
git merge child
git push -u origin master
clear
ls
nano test.txt
git status
git commit -m "added adiitionaly"
git push -u origin master
ls
nano test.txt
git add .
git status
git commit -m "added additionally"
git push -u origin master
git checkout child
git merge master
git push -u origin child
git init
git add second.txt
git status
git commit -m "first commit"
git remote add origin https://github.com/Thalari-Yeshwanth/practise.git
git push -u origin master
clear
clear
git init
git add .
git status
git commit -m "firstcommit"
Core I3@Lavanya MINGW64 ~/Desktop/demo2
$ git init
Initialized empty Git repository in C:/Users/Core I3/Desktop/demo2/.git/
Core I3@Lavanya MINGW64 ~/Desktop/demo2 (master)
$ git add .
Core I3@Lavanya MINGW64 ~/Desktop/demo2 (master)
$ git status
On branch master
No commits yet
Changes to be committed:
  (use "git rm --cached <file>..." to unstage)
        new file:   second.txt
Core I3@Lavanya MINGW64 ~/Desktop/demo2 (master)
$ git commit -m "firstcommit"
[master (root-commit) 36af921] firstcommit
 1 file changed, 1 insertion(+)
 create mode 100644 second.txt
Core I3@Lavanya MINGW64 ~/Desktop/demo2 (master)
$
git status
git add .
git status
git init
git add .
git status
git remote add origin https://github.com/Thalari-Yeshwanth/practise.git
git push origin master
git checkout -b child
status
git status
git add .
git status
ls
nano second.txt
git commit -m "changed in child"
git add .
git status
git commit -m "changed"
git push origin child
git checkout master
git merge child
git push origin master
clear
ls
ls -l
ls
ls
ls -l
ls -a
ls -l
chmod 777 test
chmod 777 test.txt
ls -l
ls
ls -l
chmod 664 test.txt
chmod 664 test
ls
chmod 664 text.txt
ls
chmod 664 test.txt
ls -l
chmod 444 test.txt
ls -l
chmod 764 test.txt
ls -l
ls
pwd
cd .
cd ..
ls
cd bootcamp
ls
cd day1
ls
pwd
cd ..
cd ~
pwd
ls
cd Desktop
pwd
ls
ls -l
ls -a
cd ls
ls
clear
ls
ls -l
cd ~
ls
git clone https://github.com/edurekavivekh/linux-content.git
java -version
git clone https://github.com/edurekavivekh/linux-content.git
cd ~
cd Desktop
mkdir terminalcommands
ls
cd terminalcommands
ls
cd ..
cd codes
ls
ls
cd linux-content
ls
nano linux_chit_sheet.pdf
ls
ls -l
ls -a
ls linux_content/
ls linux-content/
cd ..
ls linux-content/
ls linux-content/linux_
ls linux-content/linux
ls -l linux-content/linux_
ls -l linux-content/linux_chit_sheet.pdf 
ls -l linux-content/
ls -l linux-content/linux*
ls -al
clear
pwd
ls ~
cd ~
pwd
cd -
clear
cd ..
cd -
cd ~
pwd
cd -
mkdir temp
ls
rm -r temp
ls
mkdir -p temp/temp1
ls
cd temp
ls
cd ..
ls
rm -r temp/temp1
ls
cd temp
ls
mkdir temp1
ls
cd ..
rm -r temp
ls
mkdir temp
cd temp
touch a.txt b.txt
ls
touch test
ls -p
mkdir test2
ls -p
ls -l
clear
cp a.txt b.txt
ls
nano b.txt
where is cp
where is temp
whereis
whereis temp
whereis a.txt
where temp
whereis a.txt
where a.txt
where txt
where a.txt
c
clear
cd ..
ls -l/bin
ls -l
ls -l/bin
clear
ls linux-content
cd ~
mkdir quick
cd -
ln -s linux-content/linux_chit_sheet.pdf ~/quick/
cd ~
ls
ln -s linux-content/linux_chit_sheet.pdf ~/quick/
cd -
ln -s linux-content/linux_chit_sheet.pdf ~/quick/
cd desktop
cd ~
cd Desktop
cd ~
ls
cd -
ln -s linux-content/linux_chit_sheet.pdf  ~/Desktop/
ls
ln -s linux-content/linux_chit_sheet.pdf C:\Users\Core I3\Desktop\codes\link
ln -s C:\Users\Core I3\Desktop\codes\linux-content/linux_chit_sheet.pdf C:\Users\Core I3\Desktop\link
ln -s C:\Users\Core I3\Desktop\codes\linux-content\linux_chit_sheet.pdf C:\Users\Core I3\Desktop/link
ln -s C:\Users\Core I3\Desktop\codes\linux-content\linux_chit_sheet.pdf C:\Users\Core I3\Desktop\link
ln -s ~/Desktop/codes/linux-content/linux_chit_sheet.pdf ~/Desktop/link
ls -l ~/Desktop/link
clear
man ls
man ls
man ls
help ls
help dir
ls /etc
ls
cat a.txt
less /etc
ls /etc
ls
cat linux_chit_sheet.pdf 
head -20 linux_chit_sheet.pdf 
tail -20 linux_chit_sheet.pdf 
head linux_chit_sheet.pdf 
tail linux_chit_sheet.pdf 
clear
find . -size +5m
find . -size +5M
find . -size 5M
find . -size +5M -name*.pdf
find . -size +5M -name *.pdf
find . -size +5M -type f -name *.pdf
find . -size +5M -type f | grep .pdf
clear
cd ..
ls
cd linux-content/
ls
cat data.csv 
find . name *.csv
cd ..
ls
cd-
cd -
ls
find . -name *.csv
clear
cd ..
grep -i captain linux-content/data.csv
grep -i captain
grep -ir captain
ls -p
ls -p | grep /
cd ..
ls -p | grep /
ls -p | grep -v /
ls
cd linux-content/
ls
cat data.csv 
env
env | grep -i home
env | grep -i user
echo $user
echo $USER
echo $users
env
echo $core I3
where bash
bash -version
echo $SHELL
CLEAR
cd ..
du -sh linux-content/
du -sm linux-content/
du -sk linux-content/
du -sk linux-content/*
du -sk linux-content/* | sort -n
du -sk linux-content/* | sort -nr
find . -type f -empty
ls
cd temp
ls
touch Hello.java
ls
nano Hello.java
java Hello.java
javac Hello.java
java Hello
java -verion
java -version
ps elf
ps -elf
ps -elf | more
nano Hello.java
ps
elf
ps elf
ps elf | more
ps elf | less
ls
